// Jest Snapshot v1, https://goo.gl/fbAQLP

exports[`AppConfigSchemaPropertiesTable correctly matches snapshot 1`] = `
<div>
  <table
    class="css-4znl0-AppConfigSchemaPropertiesTable"
  >
    <thead
      class="css-h3cfcw-AppConfigSchemaPropertiesTable"
    >
      <tr>
        <td>
          Property
        </td>
        <td>
          Description
        </td>
      </tr>
    </thead>
    <tbody>
      <tr>
        <td>
          <div
            data-testid="<propertyAnchor level={0}><inlineCode>name</inlineCode></propertyAnchor>"
            style="margin-left: 0px; display: block; list-style-type: circle; overflow-x: visible;"
          >
            <div
              class=" css-goddgh-PDIV"
              data-text="true"
            >
              <div
                class="css-cssveg"
              >
                <span
                  class="css-9aqeco"
                  id="name"
                />
                <a
                  class="css-1t5v929"
                  href="#name"
                >
                  <span
                    class="css-1wnvjz2"
                  >
                    <code
                      class="inline css-1msevpm-InlineCode"
                    >
                      name
                    </code>
                  </span>
                  <span
                    class="css-1byp57e"
                  >
                    <svg
                      aria-label="permalink"
                      class="anchor-icon"
                      fill="none"
                      height="24"
                      viewBox="0 0 24 24"
                      width="24"
                      xmlns="http://www.w3.org/2000/svg"
                    >
                      <path
                        d="M10 13a5 5 0 007.54.54l3-3a5 5 0 00-7.07-7.07l-1.72 1.71"
                        stroke="#9B9B9B"
                        stroke-linecap="round"
                        stroke-linejoin="round"
                        stroke-width="2"
                      />
                      <path
                        d="M14 11a5 5 0 00-7.54-.54l-3 3a5 5 0 007.07 7.07l1.71-1.71"
                        stroke="#9B9B9B"
                        stroke-linecap="round"
                        stroke-linejoin="round"
                        stroke-width="2"
                      />
                    </svg>
                  </span>
                </a>
              </div>
            </div>
          </div>
        </td>
        <td
          class="css-t1v1gp-AppConfigSchemaPropertiesTable"
        >
          <div
            class=" css-goddgh-PDIV"
            data-text="true"
          >
            <strong
              class="css-1g2v0mq-B"
            >
              (string)
            </strong>
             - Name of your app.
            <details
              class="css-iayai0-BareWorkflowDetails"
            >
              <summary
                class="css-6kgfkr-BareWorkflowDetails"
              >
                Bare Workflow
              </summary>
              <div
                class="css-tn15in-BareWorkflowDetails"
              >
                Edit the 'Display Name' field in Xcode
              </div>
            </details>
          </div>
        </td>
      </tr>
      <tr>
        <td>
          <div
            data-testid="<propertyAnchor level={0}><inlineCode>androidNavigationBar</inlineCode></propertyAnchor>"
            style="margin-left: 0px; display: block; list-style-type: circle; overflow-x: visible;"
          >
            <div
              class=" css-goddgh-PDIV"
              data-text="true"
            >
              <div
                class="css-cssveg"
              >
                <span
                  class="css-9aqeco"
                  id="androidnavigationbar"
                />
                <a
                  class="css-1t5v929"
                  href="#androidnavigationbar"
                >
                  <span
                    class="css-1wnvjz2"
                  >
                    <code
                      class="inline css-1msevpm-InlineCode"
                    >
                      androidNavigationBar
                    </code>
                  </span>
                  <span
                    class="css-1byp57e"
                  >
                    <svg
                      aria-label="permalink"
                      class="anchor-icon"
                      fill="none"
                      height="24"
                      viewBox="0 0 24 24"
                      width="24"
                      xmlns="http://www.w3.org/2000/svg"
                    >
                      <path
                        d="M10 13a5 5 0 007.54.54l3-3a5 5 0 00-7.07-7.07l-1.72 1.71"
                        stroke="#9B9B9B"
                        stroke-linecap="round"
                        stroke-linejoin="round"
                        stroke-width="2"
                      />
                      <path
                        d="M14 11a5 5 0 00-7.54-.54l-3 3a5 5 0 007.07 7.07l1.71-1.71"
                        stroke="#9B9B9B"
                        stroke-linecap="round"
                        stroke-linejoin="round"
                        stroke-width="2"
                      />
                    </svg>
                  </span>
                </a>
              </div>
            </div>
          </div>
        </td>
        <td
          class="css-t1v1gp-AppConfigSchemaPropertiesTable"
        >
          <div
            class=" css-goddgh-PDIV"
            data-text="true"
          >
            <strong
              class="css-1g2v0mq-B"
            >
              (object)
            </strong>
             - Configuration for the bottom navigation bar on Android.
            <details
              class="css-xpbkyy-ExpoKitDetails"
            >
              <summary
                class="css-16wd9sq-ExpoKitDetails"
              >
                ExpoKit
              </summary>
              <div
                class="css-xz26xk-ExpoKitDetails"
              >
                Set this property using AppConstants.java.
              </div>
            </details>
            <details
              class="css-iayai0-BareWorkflowDetails"
            >
              <summary
                class="css-6kgfkr-BareWorkflowDetails"
              >
                Bare Workflow
              </summary>
              <div
                class="css-tn15in-BareWorkflowDetails"
              >
                Set this property using just Xcode
              </div>
            </details>
          </div>
        </td>
      </tr>
      <tr>
        <td>
          <div
            data-testid="<subpropertyAnchor level={1}><inlineCode>visible</inlineCode></subpropertyAnchor>"
            style="margin-left: 32px; display: list-item; list-style-type: default; overflow-x: visible;"
          >
            <div
              class=" css-goddgh-PDIV"
              data-text="true"
            >
              <div
                class="css-cssveg"
              >
                <span
                  class="css-9aqeco"
                  id="visible"
                />
                <a
                  class="css-1t5v929"
                  href="#visible"
                >
                  <span
                    class="css-1wnvjz2"
                  >
                    <code
                      class="inline css-1msevpm-InlineCode"
                    >
                      visible
                    </code>
                  </span>
                  <span
                    class="css-1byp57e"
                  >
                    <svg
                      aria-label="permalink"
                      class="anchor-icon"
                      fill="none"
                      height="24"
                      viewBox="0 0 24 24"
                      width="24"
                      xmlns="http://www.w3.org/2000/svg"
                    >
                      <path
                        d="M10 13a5 5 0 007.54.54l3-3a5 5 0 00-7.07-7.07l-1.72 1.71"
                        stroke="#9B9B9B"
                        stroke-linecap="round"
                        stroke-linejoin="round"
                        stroke-width="2"
                      />
                      <path
                        d="M14 11a5 5 0 00-7.54-.54l-3 3a5 5 0 007.07 7.07l1.71-1.71"
                        stroke="#9B9B9B"
                        stroke-linecap="round"
                        stroke-linejoin="round"
                        stroke-width="2"
                      />
                    </svg>
                  </span>
                </a>
              </div>
            </div>
          </div>
        </td>
        <td
          class="css-t1v1gp-AppConfigSchemaPropertiesTable"
        >
          <div
            class=" css-goddgh-PDIV"
            data-text="true"
          >
            <strong
              class="css-1g2v0mq-B"
            >
              (enum)
            </strong>
             - Determines how and when the navigation bar is shown.
            <details
              class="css-xpbkyy-ExpoKitDetails"
            >
              <summary
                class="css-16wd9sq-ExpoKitDetails"
              >
                ExpoKit
              </summary>
              <div
                class="css-xz26xk-ExpoKitDetails"
              >
                Set this property using Xcode.
              </div>
            </details>
          </div>
        </td>
      </tr>
      <tr>
        <td>
          <div
            data-testid="<subpropertyAnchor level={2}><inlineCode>always</inlineCode></subpropertyAnchor>"
            style="margin-left: 64px; display: list-item; list-style-type: circle; overflow-x: visible;"
          >
            <div
              class=" css-goddgh-PDIV"
              data-text="true"
            >
              <div
                class="css-cssveg"
              >
                <span
                  class="css-9aqeco"
                  id="always"
                />
                <a
                  class="css-1t5v929"
                  href="#always"
                >
                  <span
                    class="css-1wnvjz2"
                  >
                    <code
                      class="inline css-1msevpm-InlineCode"
                    >
                      always
                    </code>
                  </span>
                  <span
                    class="css-1byp57e"
                  >
                    <svg
                      aria-label="permalink"
                      class="anchor-icon"
                      fill="none"
                      height="24"
                      viewBox="0 0 24 24"
                      width="24"
                      xmlns="http://www.w3.org/2000/svg"
                    >
                      <path
                        d="M10 13a5 5 0 007.54.54l3-3a5 5 0 00-7.07-7.07l-1.72 1.71"
                        stroke="#9B9B9B"
                        stroke-linecap="round"
                        stroke-linejoin="round"
                        stroke-width="2"
                      />
                      <path
                        d="M14 11a5 5 0 00-7.54-.54l-3 3a5 5 0 007.07 7.07l1.71-1.71"
                        stroke="#9B9B9B"
                        stroke-linecap="round"
                        stroke-linejoin="round"
                        stroke-width="2"
                      />
                    </svg>
                  </span>
                </a>
              </div>
            </div>
          </div>
        </td>
        <td
          class="css-t1v1gp-AppConfigSchemaPropertiesTable"
        >
          <div
            class=" css-goddgh-PDIV"
            data-text="true"
          >
            <strong
              class="css-1g2v0mq-B"
            >
              (boolean)
            </strong>
             - Test sub-sub-property
          </div>
        </td>
      </tr>
      <tr>
        <td>
          <div
            data-testid="<subpropertyAnchor level={1}><inlineCode>backgroundColor</inlineCode></subpropertyAnchor>"
            style="margin-left: 32px; display: list-item; list-style-type: default; overflow-x: visible;"
          >
            <div
              class=" css-goddgh-PDIV"
              data-text="true"
            >
              <div
                class="css-cssveg"
              >
                <span
                  class="css-9aqeco"
                  id="backgroundcolor"
                />
                <a
                  class="css-1t5v929"
                  href="#backgroundcolor"
                >
                  <span
                    class="css-1wnvjz2"
                  >
                    <code
                      class="inline css-1msevpm-InlineCode"
                    >
                      backgroundColor
                    </code>
                  </span>
                  <span
                    class="css-1byp57e"
                  >
                    <svg
                      aria-label="permalink"
                      class="anchor-icon"
                      fill="none"
                      height="24"
                      viewBox="0 0 24 24"
                      width="24"
                      xmlns="http://www.w3.org/2000/svg"
                    >
                      <path
                        d="M10 13a5 5 0 007.54.54l3-3a5 5 0 00-7.07-7.07l-1.72 1.71"
                        stroke="#9B9B9B"
                        stroke-linecap="round"
                        stroke-linejoin="round"
                        stroke-width="2"
                      />
                      <path
                        d="M14 11a5 5 0 00-7.54-.54l-3 3a5 5 0 007.07 7.07l1.71-1.71"
                        stroke="#9B9B9B"
                        stroke-linecap="round"
                        stroke-linejoin="round"
                        stroke-width="2"
                      />
                    </svg>
                  </span>
                </a>
              </div>
            </div>
          </div>
        </td>
        <td
          class="css-t1v1gp-AppConfigSchemaPropertiesTable"
        >
          <div
            class=" css-goddgh-PDIV"
            data-text="true"
          >
            <strong
              class="css-1g2v0mq-B"
            >
              (string)
            </strong>
             - Specifies the background color of the navigation bar. 
          </div>
          <div
            class=" css-goddgh-PDIV"
            data-text="true"
          >
            6 character long hex color string, eg: 
            <code
              class="inline css-1msevpm-InlineCode"
            >
              '#000000'
            </code>
          </div>
        </td>
      </tr>
      <tr>
        <td>
          <div
            data-testid="<propertyAnchor level={0}><inlineCode>intentFilters</inlineCode></propertyAnchor>"
            style="margin-left: 0px; display: block; list-style-type: circle; overflow-x: visible;"
          >
            <div
              class=" css-goddgh-PDIV"
              data-text="true"
            >
              <div
                class="css-cssveg"
              >
                <span
                  class="css-9aqeco"
                  id="intentfilters"
                />
                <a
                  class="css-1t5v929"
                  href="#intentfilters"
                >
                  <span
                    class="css-1wnvjz2"
                  >
                    <code
                      class="inline css-1msevpm-InlineCode"
                    >
                      intentFilters
                    </code>
                  </span>
                  <span
                    class="css-1byp57e"
                  >
                    <svg
                      aria-label="permalink"
                      class="anchor-icon"
                      fill="none"
                      height="24"
                      viewBox="0 0 24 24"
                      width="24"
                      xmlns="http://www.w3.org/2000/svg"
                    >
                      <path
                        d="M10 13a5 5 0 007.54.54l3-3a5 5 0 00-7.07-7.07l-1.72 1.71"
                        stroke="#9B9B9B"
                        stroke-linecap="round"
                        stroke-linejoin="round"
                        stroke-width="2"
                      />
                      <path
                        d="M14 11a5 5 0 00-7.54-.54l-3 3a5 5 0 007.07 7.07l1.71-1.71"
                        stroke="#9B9B9B"
                        stroke-linecap="round"
                        stroke-linejoin="round"
                        stroke-width="2"
                      />
                    </svg>
                  </span>
                </a>
              </div>
            </div>
          </div>
        </td>
        <td
          class="css-t1v1gp-AppConfigSchemaPropertiesTable"
        >
          <div
            class=" css-goddgh-PDIV"
            data-text="true"
          >
            <strong
              class="css-1g2v0mq-B"
            >
              (array)
            </strong>
             - Configuration for setting an array of custom intent filters in Android manifest.
            <details
              class="css-iayai0-BareWorkflowDetails"
            >
              <summary
                class="css-6kgfkr-BareWorkflowDetails"
              >
                Bare Workflow
              </summary>
              <div
                class="css-tn15in-BareWorkflowDetails"
              >
                This is set in AndroidManifest.xml directly.
              </div>
            </details>
          </div>
          <blockquote
            class="css-snvjit-Quote"
            data-text="true"
          >
            <div>
              <div
                style="margin-top: 2px;"
              >
                <svg
                  aria-label="check"
                  fill="none"
                  height="16"
                  viewBox="0 0 24 24"
                  width="16"
                  xmlns="http://www.w3.org/2000/svg"
                >
                  <path
                    d="M12 0C5.373 0 0 5.373 0 12s5.373 12 12 12c6.628 0 12-5.373 12-12S18.628 0 12 0zm-.015 5.419c.269-.292.596-.44.973-.44.306 0 .575.11.776.317.203.207.306.472.306.786 0 .394-.137.745-.409 1.042-.279.306-.605.462-.968.462-.3 0-.566-.113-.768-.326-.201-.208-.304-.48-.304-.809 0-.401.133-.749.394-1.032zm1.999 11.305c-.995.936-1.705 1.52-2.17 1.784-.496.284-.905.423-1.25.423-.342 0-.621-.114-.83-.338-.202-.218-.305-.51-.305-.87 0-.92.521-3.058 1.595-6.534a1.47 1.47 0 00.042-.166c-.04.017-.087.041-.14.075-.088.055-.356.265-1.14 1.03a.334.334 0 01-.438.025l-.463-.358a.334.334 0 01-.043-.49c.722-.794 1.395-1.371 2.002-1.714.636-.358 1.173-.533 1.643-.533.303 0 .548.076.729.225.196.164.3.391.3.658 0 .175-.084.63-.697 2.686-.875 2.937-1.084 4.003-1.099 4.372.166-.098.558-.376 1.395-1.162a.334.334 0 01.462.003l.411.4a.334.334 0 01-.004.484z"
                    fill="var(--expo-theme-icon-default)"
                  />
                </svg>
              </div>
            </div>
            <div>
              <div
                class=" css-goddgh-PDIV"
                data-text="true"
              >
                 
                [{
"autoVerify": true,
"data": {"host": "*.example.com"
}
}]
              </div>
            </div>
          </blockquote>
        </td>
      </tr>
      <tr>
        <td>
          <div
            data-testid="<subpropertyAnchor level={1}><inlineCode>autoVerify</inlineCode></subpropertyAnchor>"
            style="margin-left: 32px; display: list-item; list-style-type: default; overflow-x: visible;"
          >
            <div
              class=" css-goddgh-PDIV"
              data-text="true"
            >
              <div
                class="css-cssveg"
              >
                <span
                  class="css-9aqeco"
                  id="autoverify"
                />
                <a
                  class="css-1t5v929"
                  href="#autoverify"
                >
                  <span
                    class="css-1wnvjz2"
                  >
                    <code
                      class="inline css-1msevpm-InlineCode"
                    >
                      autoVerify
                    </code>
                  </span>
                  <span
                    class="css-1byp57e"
                  >
                    <svg
                      aria-label="permalink"
                      class="anchor-icon"
                      fill="none"
                      height="24"
                      viewBox="0 0 24 24"
                      width="24"
                      xmlns="http://www.w3.org/2000/svg"
                    >
                      <path
                        d="M10 13a5 5 0 007.54.54l3-3a5 5 0 00-7.07-7.07l-1.72 1.71"
                        stroke="#9B9B9B"
                        stroke-linecap="round"
                        stroke-linejoin="round"
                        stroke-width="2"
                      />
                      <path
                        d="M14 11a5 5 0 00-7.54-.54l-3 3a5 5 0 007.07 7.07l1.71-1.71"
                        stroke="#9B9B9B"
                        stroke-linecap="round"
                        stroke-linejoin="round"
                        stroke-width="2"
                      />
                    </svg>
                  </span>
                </a>
              </div>
            </div>
          </div>
        </td>
        <td
          class="css-t1v1gp-AppConfigSchemaPropertiesTable"
        >
          <div
            class=" css-goddgh-PDIV"
            data-text="true"
          >
            <strong
              class="css-1g2v0mq-B"
            >
              (boolean)
            </strong>
             - You may also use an intent filter to set your app as the default handler for links
          </div>
        </td>
      </tr>
      <tr>
        <td>
          <div
            data-testid="<subpropertyAnchor level={1}><inlineCode>data</inlineCode></subpropertyAnchor>"
            style="margin-left: 32px; display: list-item; list-style-type: default; overflow-x: visible;"
          >
            <div
              class=" css-goddgh-PDIV"
              data-text="true"
            >
              <div
                class="css-cssveg"
              >
                <span
                  class="css-9aqeco"
                  id="data"
                />
                <a
                  class="css-1t5v929"
                  href="#data"
                >
                  <span
                    class="css-1wnvjz2"
                  >
                    <code
                      class="inline css-1msevpm-InlineCode"
                    >
                      data
                    </code>
                  </span>
                  <span
                    class="css-1byp57e"
                  >
                    <svg
                      aria-label="permalink"
                      class="anchor-icon"
                      fill="none"
                      height="24"
                      viewBox="0 0 24 24"
                      width="24"
                      xmlns="http://www.w3.org/2000/svg"
                    >
                      <path
                        d="M10 13a5 5 0 007.54.54l3-3a5 5 0 00-7.07-7.07l-1.72 1.71"
                        stroke="#9B9B9B"
                        stroke-linecap="round"
                        stroke-linejoin="round"
                        stroke-width="2"
                      />
                      <path
                        d="M14 11a5 5 0 00-7.54-.54l-3 3a5 5 0 007.07 7.07l1.71-1.71"
                        stroke="#9B9B9B"
                        stroke-linecap="round"
                        stroke-linejoin="round"
                        stroke-width="2"
                      />
                    </svg>
                  </span>
                </a>
              </div>
            </div>
          </div>
        </td>
        <td
          class="css-t1v1gp-AppConfigSchemaPropertiesTable"
        >
          <div
            class=" css-goddgh-PDIV"
            data-text="true"
          >
            <strong
              class="css-1g2v0mq-B"
            >
              (array || object)
            </strong>
          </div>
        </td>
      </tr>
      <tr>
        <td>
          <div
            data-testid="<subpropertyAnchor level={2}><inlineCode>host</inlineCode></subpropertyAnchor>"
            style="margin-left: 64px; display: list-item; list-style-type: circle; overflow-x: visible;"
          >
            <div
              class=" css-goddgh-PDIV"
              data-text="true"
            >
              <div
                class="css-cssveg"
              >
                <span
                  class="css-9aqeco"
                  id="host"
                />
                <a
                  class="css-1t5v929"
                  href="#host"
                >
                  <span
                    class="css-1wnvjz2"
                  >
                    <code
                      class="inline css-1msevpm-InlineCode"
                    >
                      host
                    </code>
                  </span>
                  <span
                    class="css-1byp57e"
                  >
                    <svg
                      aria-label="permalink"
                      class="anchor-icon"
                      fill="none"
                      height="24"
                      viewBox="0 0 24 24"
                      width="24"
                      xmlns="http://www.w3.org/2000/svg"
                    >
                      <path
                        d="M10 13a5 5 0 007.54.54l3-3a5 5 0 00-7.07-7.07l-1.72 1.71"
                        stroke="#9B9B9B"
                        stroke-linecap="round"
                        stroke-linejoin="round"
                        stroke-width="2"
                      />
                      <path
                        d="M14 11a5 5 0 00-7.54-.54l-3 3a5 5 0 007.07 7.07l1.71-1.71"
                        stroke="#9B9B9B"
                        stroke-linecap="round"
                        stroke-linejoin="round"
                        stroke-width="2"
                      />
                    </svg>
                  </span>
                </a>
              </div>
            </div>
          </div>
        </td>
        <td
          class="css-t1v1gp-AppConfigSchemaPropertiesTable"
        >
          <div
            class=" css-goddgh-PDIV"
            data-text="true"
          >
            <strong
              class="css-1g2v0mq-B"
            >
              (string)
            </strong>
          </div>
        </td>
      </tr>
    </tbody>
  </table>
</div>
`;
